
> my-project@0.1.0 build
> next build

Γû▓ Next.js 16.1.6 (Turbopack)
- Environments: .env.local

  Creating an optimized production build ...
Γ£ô Compiled successfully in 31.3s
  Skipping validation of types
  Collecting page data using 3 workers ...
  Generating static pages using 3 workers (0/82) ...
  Generating static pages using 3 workers (20/82) 
[ALL] Executing SQL: SELECT * FROM investment_plans...
[ALL] Parameters: []
node.exe : [getInvestmentPlansFromDb] Error fetching plans: PostgreSQL pool 
not initialized. DATABASE_URL is required.
At line:1 char:1
+ & "C:\Program Files\nodejs/node.exe" "C:\Program Files\nodejs/node_mo ...
+ ~~~~~~~~~~~~~~~~~~~~~~~~~~~~~~~~~~~~~~~~~~~~~~~~~~~~~~~~~~~~~~~~~~~~~
    + CategoryInfo          : NotSpecified: ([getInvestmentP...RL is required. 
   :String) [], RemoteException
    + FullyQualifiedErrorId : NativeCommandError
 
  Generating static pages using 3 workers (40/82) 
  Generating static pages using 3 workers (61/82) 
[ALL] Executing SQL: SELECT * FROM investment_plans...
[ALL] Parameters: []
[getInvestmentPlansFromDb] Error fetching plans: PostgreSQL pool not 
initialized. DATABASE_URL is required.
Γ£ô Generating static pages using 3 workers (82/82) in 3.4s
  Finalizing page optimization ...

Route (app)
Γöî Γùï /
Γö£ Γùï /_not-found
Γö£ Γùï /about
Γö£ ╞Æ /admin
Γö£ ╞Æ /admin/transactions
Γö£ ╞Æ /admin/users
Γö£ ╞Æ /admin/wallets
Γö£ ╞Æ /api/activities
Γö£ ╞Æ /api/activities/all
Γö£ ╞Æ /api/admin/bonus
Γö£ ╞Æ /api/admin/calculate-profits
Γö£ ╞Æ /api/admin/db-init
Γö£ ╞Æ /api/admin/fix-plans
Γö£ ╞Æ /api/admin/notifications
Γö£ ╞Æ /api/admin/transactions
Γö£ ╞Æ /api/admin/users
Γö£ ╞Æ /api/admin/users-simple
Γö£ ╞Æ /api/admin/wallets
Γö£ ╞Æ /api/auth/2fa/setup
Γö£ ╞Æ /api/auth/2fa/verify
Γö£ ╞Æ /api/auth/forgot-password
Γö£ ╞Æ /api/auth/login
Γö£ ╞Æ /api/auth/logout
Γö£ ╞Æ /api/auth/recover/backup-code
Γö£ ╞Æ /api/auth/recover/email
Γö£ ╞Æ /api/auth/recover/reset-password
Γö£ ╞Æ /api/auth/recover/verify
Γö£ ╞Æ /api/auth/resend-code
Γö£ ╞Æ /api/auth/reset-password
Γö£ ╞Æ /api/auth/signup
Γö£ ╞Æ /api/auth/test
Γö£ ╞Æ /api/auth/test-email
Γö£ ╞Æ /api/auth/update-password
Γö£ ╞Æ /api/auth/verify
Γö£ ╞Æ /api/auth/verify-email-dev
Γö£ ╞Æ /api/crypto-price
Γö£ ╞Æ /api/debug/db-check
Γö£ ╞Æ /api/debug/investment-plans
Γö£ ╞Æ /api/debug/plans
Γö£ ╞Æ /api/debug/transactions
Γö£ ╞Æ /api/deposits
Γö£ ╞Æ /api/investment-plans
Γö£ ╞Æ /api/investments
Γö£ ╞Æ /api/notifications
Γö£ ╞Æ /api/notifications/[id]/delete
Γö£ ╞Æ /api/notifications/[id]/read
Γö£ ╞Æ /api/notifications/delete-read
Γö£ ╞Æ /api/portfolio/data
Γö£ ╞Æ /api/settings
Γö£ ╞Æ /api/support
Γö£ ╞Æ /api/transactions
Γö£ ╞Æ /api/transactions/[id]/receipt
Γö£ ╞Æ /api/user/balance
Γö£ ╞Æ /api/user/current
Γö£ ╞Æ /api/user/request-deletion
Γö£ ╞Æ /api/user/update-profile
Γö£ ╞Æ /api/users/[id]
Γö£ ╞Æ /api/wallet-addresses
Γö£ ╞Æ /api/withdraw
Γö£ Γùï /blog
Γö£ Γùï /compliance
Γö£ Γùï /contact
Γö£ ╞Æ /dashboard
Γö£ ╞Æ /dashboard/deposit
Γö£ ╞Æ /dashboard/feature-guide
Γö£ ╞Æ /dashboard/investments
Γö£ ╞Æ /dashboard/plans
Γö£ ╞Æ /dashboard/portfolio
Γö£ ╞Æ /dashboard/settings
Γö£ ╞Æ /dashboard/support
Γö£ ╞Æ /dashboard/transactions
Γö£ ╞Æ /dashboard/withdraw
Γö£ Γùï /faq
Γö£ Γùï /forgot-password
Γö£ Γùï /help
Γö£ Γùï /login
Γö£ Γùï /pricing
Γö£ Γùï /privacy
Γö£ Γùï /recovery
Γö£ Γùï /register
Γö£ Γùï /reset-password
Γö£ Γùï /security
Γö£ Γùï /status
Γö£ Γùï /terms
Γö£ Γùï /testimonials
Γöö Γùï /verify


Γùï  (Static)   prerendered as static content
╞Æ  (Dynamic)  server-rendered on demand

